Elantris is a fantasy novel written by American 
fantasy and science fiction writer Brandon Sanderson. 
The book was first published on April 21, 2005 
by Tor Books, which is based in New York City, 
and was Sanderson's first published book. 

This game has absolutely nothing to do with the book.

For best results use a terminal with ANSI support,
configured for 32 lines and 80 columns, preferably 
without scrollback (but should work otherwise too).